{
  "version": "1.5.0",
  "plugins_used": [
    {
      "name": "ArtifactoryDetector"
    },
    {
      "name": "AWSKeyDetector"
    },
    {
      "name": "AzureStorageKeyDetector"
    },
    {
      "name": "Base64HighEntropyString",
      "limit": 4.5
    },
    {
      "name": "BasicAuthDetector"
    },
    {
      "name": "CloudantDetector"
    },
    {
      "name": "DiscordBotTokenDetector"
    },
    {
      "name": "GitHubTokenDetector"
    },
    {
      "name": "HexHighEntropyString",
      "limit": 3.0
    },
    {
      "name": "IbmCloudIamDetector"
    },
    {
      "name": "IbmCosHmacDetector"
    },
    {
      "name": "JwtTokenDetector"
    },
    {
      "name": "KeywordDetector",
      "keyword_exclude": ""
    },
    {
      "name": "MailchimpDetector"
    },
    {
      "name": "NpmDetector"
    },
    {
      "name": "PrivateKeyDetector"
    },
    {
      "name": "SendGridDetector"
    },
    {
      "name": "SlackDetector"
    },
    {
      "name": "SoftlayerDetector"
    },
    {
      "name": "SquareOAuthDetector"
    },
    {
      "name": "StripeDetector"
    },
    {
      "name": "TwilioKeyDetector"
    }
  ],
  "filters_used": [
    {
      "path": "detect_secrets.filters.allowlist.is_line_allowlisted"
    },
    {
      "path": "detect_secrets.filters.common.is_baseline_file",
      "filename": ".secrets.baseline"
    },
    {
      "path": "detect_secrets.filters.common.is_ignored_due_to_verification_policies",
      "min_level": 2
    },
    {
      "path": "detect_secrets.filters.heuristic.is_indirect_reference"
    },
    {
      "path": "detect_secrets.filters.heuristic.is_likely_id_string"
    },
    {
      "path": "detect_secrets.filters.heuristic.is_lock_file"
    },
    {
      "path": "detect_secrets.filters.heuristic.is_not_alphanumeric_string"
    },
    {
      "path": "detect_secrets.filters.heuristic.is_potential_uuid"
    },
    {
      "path": "detect_secrets.filters.heuristic.is_prefixed_with_dollar_sign"
    },
    {
      "path": "detect_secrets.filters.heuristic.is_sequential_string"
    },
    {
      "path": "detect_secrets.filters.heuristic.is_swagger_file"
    },
    {
      "path": "detect_secrets.filters.heuristic.is_templated_secret"
    }
  ],
  "results": {
    "test/e2e/fixtures/mongo-fixture.json": [
      {
        "type": "Hex High Entropy String",
        "filename": "test/e2e/fixtures/mongo-fixture.json",
        "hashed_secret": "42fea8425a2434b80f1260f42f3cccca34f6beaa",
        "is_verified": false,
        "line_number": 2173
      },
      {
        "type": "Hex High Entropy String",
        "filename": "test/e2e/fixtures/mongo-fixture.json",
        "hashed_secret": "b2589732931bcd04e677423416611452009daf3d",
        "is_verified": false,
        "line_number": 2212
      },
      {
        "type": "Hex High Entropy String",
        "filename": "test/e2e/fixtures/mongo-fixture.json",
        "hashed_secret": "9c246f67f130489a2d36daf02d95454c55fc83d6",
        "is_verified": false,
        "line_number": 2239
      },
      {
        "type": "Hex High Entropy String",
        "filename": "test/e2e/fixtures/mongo-fixture.json",
        "hashed_secret": "c5fcf3c7654bccf231dc1b3659ca6d77f5260ada",
        "is_verified": false,
        "line_number": 2279
      },
      {
        "type": "Hex High Entropy String",
        "filename": "test/e2e/fixtures/mongo-fixture.json",
        "hashed_secret": "ddca32f58647765fbdc2dd039fbdffa1f50f6b92",
        "is_verified": false,
        "line_number": 2319
      },
      {
        "type": "Hex High Entropy String",
        "filename": "test/e2e/fixtures/mongo-fixture.json",
        "hashed_secret": "0011569687896ee94ddc8937ecb3b6d52833f622",
        "is_verified": false,
        "line_number": 2359
      }
    ],
    "user-interface/index.html": [
      {
        "type": "Base64 High Entropy String",
        "filename": "user-interface/index.html",
        "hashed_secret": "c73412a0985c449a8ef92a680bdf8bd0eb829839",
        "is_verified": false,
        "line_number": 25
      }
    ]
  },
  "generated_at": "2026-08-28T18:01:22Z"
}
