# Known-accepted orphaned GitHub Actions secrets and variables.
# Regenerate with: ./ops/scripts/utility/audit-orphaned-gha-secrets.sh -u
# Entries here are SUPPRESSED from reporting. Removing a name makes it
# report again; deleting the object makes its entry inert.
# Presence here means 'known', NOT 'safe to delete'.
# Updated: 2026-09-16
ADMIN_KEY
ANALYTICS_WORKSPACE_ID
AZURE_CREDENTIALS
AZURE_RG
AZ_ANALYTICS_RG
AZ_APP_RG
AZ_HOSTNAME_SUFFIX
AZ_NETWORK_RG
AZ_PRIVATE_DNS_ZONE
AZ_PRIVATE_DNS_ZONE_ID
AZ_PRIVATE_DNS_ZONE_RG
AZ_STOR_VERACODE_KEY
AZ_STOR_VERACODE_NAME
CAMS_REACT_SELECT_HASH
LD_ACCESS_TOKEN
MSSQL_DATABASE_DXTR
MSSQL_HOST
MSSQL_TRUST_UNSIGNED_CERT
MSSQL_USER
NODE_VERSION
PGP_SIGNING_PASSPHRASE
SLOT_NAME
SNYK_OAUTH_CLIENT_ID
SNYK_OAUTH_CLIENT_SECRET
SRCCLR_API_TOKEN
SRCCLR_REGION
STARTING_MONTH
VERACODE_API_ID
VERACODE_API_KEY
VERACODE_APP_ID
VERACODE_SAST_POLICY
